(---------------------------------------------------------------------)
(                                                                     )
(    Allegro Netrev Import Logic                                      )
(                                                                     )
(    Drawing          : SENSOR_TEST_BOARD.brd                         )
(    Software Version : 16.6-2015S057                                 )
(    Date/Time        : Tue Jan 12 10:12:02 2016                      )
(                                                                     )
(---------------------------------------------------------------------)


------ Directives ------------

Ripup etch:                  No
Ripup delete first segment:  No
Ripup retain bondwire:       No
Ripup symbols:               Always
Missing symbol has error:    No
DRC update:                  Yes
Schematic directory:         'C:\USERS\TBRIGGS\WORKSPACES\FLIGHTCONTROLLER\SENSOR_TEST_BOARD\1\allegro'
Design Directory:            '.'
Old design name:             'C:/USERS/TBRIGGS/WORKSPACES/FLIGHTCONTROLLER/SENSOR_TEST_BOARD/1/allegro/SENSOR_TEST_BOARD.brd'
New design name:             'C:/USERS/TBRIGGS/WORKSPACES/FLIGHTCONTROLLER/SENSOR_TEST_BOARD/1/allegro/SENSOR_TEST_BOARD.brd'

CmdLine: netrev.exe -y 1 -i C:\USERS\TBRIGGS\WORKSPACES\FLIGHTCONTROLLER\SENSOR_TEST_BOARD\1\allegro C:\USERS\TBRIGGS\WORKSPACES\FLIGHTCONTROLLER\SENSOR_TEST_BOARD\1\allegro\SENSOR_TEST_BOARD.brd C:\USERS\TBRIGGS\WORKSPACES\FLIGHTCONTROLLER\SENSOR_TEST_BOARD\1\allegro\SENSOR_TEST_BOARD.brd

------ Preparing to read pst files ------

Starting to read C:/USERS/TBRIGGS/WORKSPACES/FLIGHTCONTROLLER/SENSOR_TEST_BOARD/1/allegro/pstchip.dat 
   Finished reading C:/USERS/TBRIGGS/WORKSPACES/FLIGHTCONTROLLER/SENSOR_TEST_BOARD/1/allegro/pstchip.dat (00:00:00.03)
Starting to read C:/USERS/TBRIGGS/WORKSPACES/FLIGHTCONTROLLER/SENSOR_TEST_BOARD/1/allegro/pstxprt.dat 
   Finished reading C:/USERS/TBRIGGS/WORKSPACES/FLIGHTCONTROLLER/SENSOR_TEST_BOARD/1/allegro/pstxprt.dat (00:00:00.00)
Starting to read C:/USERS/TBRIGGS/WORKSPACES/FLIGHTCONTROLLER/SENSOR_TEST_BOARD/1/allegro/pstxnet.dat 
   Finished reading C:/USERS/TBRIGGS/WORKSPACES/FLIGHTCONTROLLER/SENSOR_TEST_BOARD/1/allegro/pstxnet.dat (00:00:00.00)

------ Oversights/Warnings/Errors ------


------ Library Paths ------
MODULEPATH =  . 
           C:/Cadence/SPB_16.6/share/local/pcb/modules 
           C:/ORCAD/pcb_symbols/ 

PSMPATH =  C:/ORCAD/pcb_symbols/ 
           . 
           symbols 
           .. 
           ../symbols 
           C:/Cadence/SPB_16.6/share/local/pcb/symbols 
           C:/Cadence/SPB_16.6/share/pcb/pcb_lib/symbols 
           C:/Cadence/SPB_16.6/share/pcb/allegrolib/symbols 

PADPATH =  C:/ORCAD/pcb_symbols/ 
           . 
           symbols 
           .. 
           ../symbols 
           C:/Cadence/SPB_16.6/share/local/pcb/padstacks 
           C:/Cadence/SPB_16.6/share/pcb/pcb_lib/symbols 
           C:/Cadence/SPB_16.6/share/pcb/allegrolib/symbols 


------ Summary Statistics ------


netrev run on Jan 12 10:12:02 2016
   DESIGN NAME : 'SENSOR_TEST_BOARD'
   PACKAGING ON Aug  3 2015 18:16:55

   COMPILE 'logic'
   CHECK_PIN_NAMES OFF
   CROSS_REFERENCE OFF
   FEEDBACK OFF
   INCREMENTAL OFF
   INTERFACE_TYPE PHYSICAL
   MAX_ERRORS 500
   MERGE_MINIMUM 5
   NET_NAME_CHARS '#%&()*+-./:=>?@[]^_`|'
   NET_NAME_LENGTH 24
   OVERSIGHTS ON
   REPLACE_CHECK OFF
   SINGLE_NODE_NETS ON
   SPLIT_MINIMUM 0
   SUPPRESS   20
   WARNINGS ON

 No error detected
 No oversight detected
 No warning detected

cpu time      0:00:16
elapsed time  0:00:00

